// Jest Snapshot v1, https://goo.gl/fbAQLP

exports[`<Header /> renders correctly 1`] = `
<View
  style={
    Object {
      "alignItems": "flex-end",
      "flexDirection": "row",
      "justifyContent": "space-between",
      "paddingBottom": 20,
      "position": "static",
      "zIndex": 2,
    }
  }
>
  <View
    style={
      Object {
        "marginBottom": -20,
      }
    }
  >
    <View
      accessible={true}
      collapsable={false}
      focusable={false}
      onClick={[Function]}
      onResponderGrant={[Function]}
      onResponderMove={[Function]}
      onResponderRelease={[Function]}
      onResponderTerminate={[Function]}
      onResponderTerminationRequest={[Function]}
      onStartShouldSetResponder={[Function]}
      style={
        Object {
          "opacity": 1,
        }
      }
    >
      <Image
        source={1}
        style={
          Object {
            "borderRadius": 100,
            "height": 40,
            "width": 40,
          }
        }
      />
    </View>
    <View
      accessible={true}
      collapsable={false}
      focusable={false}
      onClick={[Function]}
      onResponderGrant={[Function]}
      onResponderMove={[Function]}
      onResponderRelease={[Function]}
      onResponderTerminate={[Function]}
      onResponderTerminationRequest={[Function]}
      onStartShouldSetResponder={[Function]}
      style={
        Object {
          "opacity": 1,
        }
      }
    >
      <View
        style={
          Object {
            "flexDirection": "row",
          }
        }
      >
        <Image
          source={1}
        />
        <Text
          style={
            Object {
              "color": "#888",
              "fontWeight": "800",
            }
          }
        >
          80K
        </Text>
      </View>
    </View>
  </View>
  <View
    style={
      Object {
        "display": "flex",
        "flexDirection": "row",
        "gap": 20,
        "justifyContent": "space-between",
      }
    }
  >
    <View
      accessible={true}
      collapsable={false}
      focusable={true}
      onClick={[Function]}
      onResponderGrant={[Function]}
      onResponderMove={[Function]}
      onResponderRelease={[Function]}
      onResponderTerminate={[Function]}
      onResponderTerminationRequest={[Function]}
      onStartShouldSetResponder={[Function]}
      style={
        Object {
          "opacity": 1,
        }
      }
    >
      <Text
        style={
          Array [
            Object {
              "marginRight": 20,
            },
            Object {
              "color": "#000",
              "fontWeight": "700",
              "textDecorationColor": "#000",
              "textDecorationLine": "underline",
              "textDecorationStyle": "solid",
            },
          ]
        }
      >
        Spending
      </Text>
    </View>
    <View
      accessible={true}
      collapsable={false}
      focusable={true}
      onClick={[Function]}
      onResponderGrant={[Function]}
      onResponderMove={[Function]}
      onResponderRelease={[Function]}
      onResponderTerminate={[Function]}
      onResponderTerminationRequest={[Function]}
      onStartShouldSetResponder={[Function]}
      style={
        Object {
          "opacity": 1,
        }
      }
    >
      <Text
        style={
          Array [
            "",
          ]
        }
      >
        Saving
      </Text>
    </View>
  </View>
  <View
    style={
      Object {
        "display": "flex",
        "flexDirection": "column",
        "justifyContent": "flex-end",
      }
    }
  >
    <View
      accessible={true}
      collapsable={false}
      focusable={true}
      onClick={[Function]}
      onResponderGrant={[Function]}
      onResponderMove={[Function]}
      onResponderRelease={[Function]}
      onResponderTerminate={[Function]}
      onResponderTerminationRequest={[Function]}
      onStartShouldSetResponder={[Function]}
      style={
        Object {
          "opacity": 1,
        }
      }
    >
      <Image
        source={1}
        style={
          Object {
            "marginBottom": 15,
          }
        }
      />
    </View>
    <Text />
  </View>
</View>
`;
