// Jest Snapshot v1, https://goo.gl/fbAQLP

exports[`<App /> renders correctly 1`] = `
<RNCSafeAreaProvider
  onInsetsChange={[Function]}
  style={
    Array [
      Object {
        "flex": 1,
      },
      undefined,
    ]
  }
>
  <RNSScreenStack
    style={
      Object {
        "flex": 1,
      }
    }
  >
    <RNSScreen
      collapsable={false}
      forwardedRef={[Function]}
      gestureResponseDistance={
        Object {
          "bottom": -1,
          "end": -1,
          "start": -1,
          "top": -1,
        }
      }
      nativeBackButtonDismissalEnabled={false}
      onAppear={[Function]}
      onDisappear={[Function]}
      onDismissed={[Function]}
      onHeaderBackButtonClicked={[Function]}
      onNativeDismissCancelled={[Function]}
      onTransitionProgress={[Function]}
      onWillDisappear={[Function]}
      replaceAnimation="push"
      stackPresentation="push"
      style={
        Object {
          "bottom": 0,
          "left": 0,
          "position": "absolute",
          "right": 0,
          "top": 0,
        }
      }
      swipeDirection="horizontal"
    >
      <RNSScreenStackHeaderConfig
        backButtonInCustomView={false}
        backgroundColor="rgb(255, 255, 255)"
        color="rgb(0, 122, 255)"
        direction="ltr"
        disableBackButtonMenu={false}
        hidden={true}
        hideBackButton={false}
        largeTitleHideShadow={false}
        title="Welcome"
        titleColor="rgb(28, 28, 30)"
        topInsetEnabled={false}
        translucent={false}
      />
      <View
        accessibilityElementsHidden={false}
        importantForAccessibility="auto"
        style={
          Object {
            "flex": 1,
            "flexDirection": "column-reverse",
          }
        }
      >
        <View
          style={
            Array [
              Object {
                "flex": 1,
              },
              Object {
                "backgroundColor": "rgb(242, 242, 242)",
              },
              undefined,
            ]
          }
        >
          <View
            style={
              Object {
                "alignItems": "center",
                "flex": 1,
                "justifyContent": "space-between",
                "padding": 20,
              }
            }
          >
            <View
              style={
                Object {
                  "alignItems": "center",
                  "justifyContent": "center",
                  "marginTop": 100,
                  "width": "100%",
                }
              }
            >
              <Image
                source={1}
                style={
                  Object {
                    "height": 160,
                    "width": 165,
                  }
                }
              />
              <Text
                style={
                  Object {
                    "fontSize": 36,
                    "fontWeight": "700",
                    "textAlign": "center",
                  }
                }
              >
                Your Path to Financial Wisdom
              </Text>
            </View>
            <View
              style={
                Object {
                  "alignItems": "center",
                  "justifyContent": "center",
                  "width": "100%",
                }
              }
            >
              <View
                accessible={true}
                collapsable={false}
                focusable={false}
                onClick={[Function]}
                onResponderGrant={[Function]}
                onResponderMove={[Function]}
                onResponderRelease={[Function]}
                onResponderTerminate={[Function]}
                onResponderTerminationRequest={[Function]}
                onStartShouldSetResponder={[Function]}
                style={
                  Object {
                    "opacity": 1,
                    "width": "100%",
                  }
                }
              >
                <Text
                  style={
                    Object {
                      "alignSelf": "stretch",
                      "borderRadius": 6,
                      "borderWidth": 2,
                      "flexDirection": "row",
                      "fontSize": 20,
                      "fontWeight": "900",
                      "height": 50,
                      "lineHeight": 50,
                      "marginBottom": 51,
                      "textAlign": "center",
                      "width": "100%",
                    }
                  }
                >
                  GET STARTED
                </Text>
              </View>
              <View
                accessible={true}
                collapsable={false}
                focusable={true}
                onClick={[Function]}
                onResponderGrant={[Function]}
                onResponderMove={[Function]}
                onResponderRelease={[Function]}
                onResponderTerminate={[Function]}
                onResponderTerminationRequest={[Function]}
                onStartShouldSetResponder={[Function]}
                style={
                  Object {
                    "opacity": 1,
                    "width": "100%",
                  }
                }
              >
                <Text
                  style={
                    Object {
                      "alignSelf": "stretch",
                      "borderRadius": 6,
                      "borderWidth": 2,
                      "flexDirection": "row",
                      "fontSize": 20,
                      "fontWeight": "900",
                      "height": 50,
                      "lineHeight": 50,
                      "marginBottom": 51,
                      "textAlign": "center",
                      "width": "100%",
                    }
                  }
                >
                  LOG IN
                </Text>
              </View>
            </View>
          </View>
        </View>
      </View>
    </RNSScreen>
  </RNSScreenStack>
</RNCSafeAreaProvider>
`;
